{
  "message": "parse request payload error: remaining input",
  "error_code": null,
  "aptos_ledger_version": null
}
